// Jest Snapshot v1, https://goo.gl/fbAQLP

exports[`render a dropdown 1`] = `
<DropdownButton
  id="page-size"
  onSelect={[Function]}
  title="25"
>
  <MenuItem
    bsClass="dropdown"
    disabled={false}
    divider={false}
    eventKey="a"
    header={false}
    id="a"
    key="a"
  >
    a
  </MenuItem>
  <MenuItem
    bsClass="dropdown"
    disabled={false}
    divider={false}
    eventKey="b"
    header={false}
    id="b"
    key="b"
  >
    b
  </MenuItem>
  <MenuItem
    bsClass="dropdown"
    disabled={false}
    divider={false}
    eventKey="c"
    header={false}
    id="c"
    key="c"
  >
    c
  </MenuItem>
</DropdownButton>
`;

exports[`set \`activeKey\` on menu item click 1`] = `
<PageSizeDropdown
  menuItems={
    Array [
      "a",
      "b",
      "c",
    ]
  }
  onSelect={[MockFunction]}
>
  <DropdownButton
    id="page-size"
    onSelect={[Function]}
    title="25"
  >
    <Uncontrolled(Dropdown)
      id="page-size"
      onSelect={[Function]}
    >
      <Dropdown
        bsClass="dropdown"
        componentClass={[Function]}
        id="page-size"
        onSelect={[Function]}
        onToggle={[Function]}
      >
        <ButtonGroup
          block={false}
          bsClass="btn-group"
          className="dropdown"
          justified={false}
          vertical={false}
        >
          <div
            className="dropdown btn-group"
          >
            <DropdownToggle
              bsClass="dropdown-toggle"
              bsRole="toggle"
              id="page-size"
              key=".0"
              onClick={[Function]}
              onKeyDown={[Function]}
              open={false}
              useAnchor={false}
            >
              <Button
                active={false}
                aria-expanded={false}
                aria-haspopup={true}
                block={false}
                bsClass="btn"
                bsStyle="default"
                className="dropdown-toggle"
                disabled={false}
                id="page-size"
                onClick={[Function]}
                onKeyDown={[Function]}
                role="button"
              >
                <button
                  aria-expanded={false}
                  aria-haspopup={true}
                  className="dropdown-toggle btn btn-default"
                  disabled={false}
                  id="page-size"
                  onClick={[Function]}
                  onKeyDown={[Function]}
                  role="button"
                  type="button"
                >
                  25
                   
                  <span
                    className="caret"
                  />
                </button>
              </Button>
            </DropdownToggle>
            <DropdownMenu
              bsClass="dropdown-menu"
              bsRole="menu"
              key=".1"
              labelledBy="page-size"
              onClose={[Function]}
              onSelect={[Function]}
              pullRight={false}
            >
              <RootCloseWrapper
                disabled={true}
                event="click"
                onRootClose={[Function]}
              >
                <ul
                  aria-labelledby="page-size"
                  className="dropdown-menu"
                  role="menu"
                >
                  <MenuItem
                    bsClass="dropdown"
                    disabled={false}
                    divider={false}
                    eventKey="a"
                    header={false}
                    id="a"
                    key=".$a"
                    onKeyDown={[Function]}
                    onSelect={[Function]}
                  >
                    <li
                      className=""
                      role="presentation"
                    >
                      <SafeAnchor
                        componentClass="a"
                        id="a"
                        onClick={[Function]}
                        onKeyDown={[Function]}
                        role="menuitem"
                        tabIndex="-1"
                      >
                        <a
                          href="#"
                          id="a"
                          onClick={[Function]}
                          onKeyDown={[Function]}
                          role="menuitem"
                          tabIndex="-1"
                        >
                          a
                        </a>
                      </SafeAnchor>
                    </li>
                  </MenuItem>
                  <MenuItem
                    bsClass="dropdown"
                    disabled={false}
                    divider={false}
                    eventKey="b"
                    header={false}
                    id="b"
                    key=".$b"
                    onKeyDown={[Function]}
                    onSelect={[Function]}
                  >
                    <li
                      className=""
                      role="presentation"
                    >
                      <SafeAnchor
                        componentClass="a"
                        id="b"
                        onClick={[Function]}
                        onKeyDown={[Function]}
                        role="menuitem"
                        tabIndex="-1"
                      >
                        <a
                          href="#"
                          id="b"
                          onClick={[Function]}
                          onKeyDown={[Function]}
                          role="menuitem"
                          tabIndex="-1"
                        >
                          b
                        </a>
                      </SafeAnchor>
                    </li>
                  </MenuItem>
                  <MenuItem
                    bsClass="dropdown"
                    disabled={false}
                    divider={false}
                    eventKey="c"
                    header={false}
                    id="c"
                    key=".$c"
                    onKeyDown={[Function]}
                    onSelect={[Function]}
                  >
                    <li
                      className=""
                      role="presentation"
                    >
                      <SafeAnchor
                        componentClass="a"
                        id="c"
                        onClick={[Function]}
                        onKeyDown={[Function]}
                        role="menuitem"
                        tabIndex="-1"
                      >
                        <a
                          href="#"
                          id="c"
                          onClick={[Function]}
                          onKeyDown={[Function]}
                          role="menuitem"
                          tabIndex="-1"
                        >
                          c
                        </a>
                      </SafeAnchor>
                    </li>
                  </MenuItem>
                </ul>
              </RootCloseWrapper>
            </DropdownMenu>
          </div>
        </ButtonGroup>
      </Dropdown>
    </Uncontrolled(Dropdown)>
  </DropdownButton>
</PageSizeDropdown>
`;
