// Jest Snapshot v1, https://goo.gl/fbAQLP

exports[`render a nav menu 1`] = `
<SortMenu
  menuItems={
    Array [
      "a",
      "b",
      "c",
    ]
  }
>
  <div
    className="sort-menu-container"
  >
    <span>
      Sort By:
    </span>
    <span>
      <Nav
        activeKey=""
        bsClass="nav"
        bsStyle="pills"
        className="sort-menu"
        justified={false}
        onSelect={[Function]}
        pullLeft={false}
        pullRight={false}
        stacked={false}
      >
        <ul
          className="sort-menu nav nav-pills"
          role={null}
        >
          <NavItem
            active={false}
            activeKey=""
            className="sort-menu-item"
            disabled={false}
            eventKey="0"
            href="#"
            key=".$0"
            onSelect={[Function]}
          >
            <li
              className="sort-menu-item"
              role="presentation"
            >
              <SafeAnchor
                componentClass="a"
                disabled={false}
                href="#"
                onClick={[Function]}
                role="button"
              >
                <a
                  href="#"
                  onClick={[Function]}
                  onKeyDown={[Function]}
                  role="button"
                >
                  a
                </a>
              </SafeAnchor>
            </li>
          </NavItem>
          <NavItem
            active={false}
            activeKey=""
            className="sort-menu-item"
            disabled={false}
            eventKey="1"
            href="#"
            key=".$1"
            onSelect={[Function]}
          >
            <li
              className="sort-menu-item"
              role="presentation"
            >
              <SafeAnchor
                componentClass="a"
                disabled={false}
                href="#"
                onClick={[Function]}
                role="button"
              >
                <a
                  href="#"
                  onClick={[Function]}
                  onKeyDown={[Function]}
                  role="button"
                >
                  b
                </a>
              </SafeAnchor>
            </li>
          </NavItem>
          <NavItem
            active={false}
            activeKey=""
            className="sort-menu-item"
            disabled={false}
            eventKey="2"
            href="#"
            key=".$2"
            onSelect={[Function]}
          >
            <li
              className="sort-menu-item"
              role="presentation"
            >
              <SafeAnchor
                componentClass="a"
                disabled={false}
                href="#"
                onClick={[Function]}
                role="button"
              >
                <a
                  href="#"
                  onClick={[Function]}
                  onKeyDown={[Function]}
                  role="button"
                >
                  c
                </a>
              </SafeAnchor>
            </li>
          </NavItem>
        </ul>
      </Nav>
    </span>
  </div>
</SortMenu>
`;

exports[`set \`activeKey\` on menu item click 1`] = `
<SortMenu
  menuItems={
    Array [
      "a",
      "b",
      "c",
    ]
  }
>
  <div
    className="sort-menu-container"
  >
    <span>
      Sort By:
    </span>
    <span>
      <Nav
        activeKey=""
        bsClass="nav"
        bsStyle="pills"
        className="sort-menu"
        justified={false}
        onSelect={[Function]}
        pullLeft={false}
        pullRight={false}
        stacked={false}
      >
        <ul
          className="sort-menu nav nav-pills"
          role={null}
        >
          <NavItem
            active={false}
            activeKey=""
            className="sort-menu-item"
            disabled={false}
            eventKey="0"
            href="#"
            key=".$0"
            onSelect={[Function]}
          >
            <li
              className="sort-menu-item"
              role="presentation"
            >
              <SafeAnchor
                componentClass="a"
                disabled={false}
                href="#"
                onClick={[Function]}
                role="button"
              >
                <a
                  href="#"
                  onClick={[Function]}
                  onKeyDown={[Function]}
                  role="button"
                >
                  a
                </a>
              </SafeAnchor>
            </li>
          </NavItem>
          <NavItem
            active={false}
            activeKey=""
            className="sort-menu-item"
            disabled={false}
            eventKey="1"
            href="#"
            key=".$1"
            onSelect={[Function]}
          >
            <li
              className="sort-menu-item"
              role="presentation"
            >
              <SafeAnchor
                componentClass="a"
                disabled={false}
                href="#"
                onClick={[Function]}
                role="button"
              >
                <a
                  href="#"
                  onClick={[Function]}
                  onKeyDown={[Function]}
                  role="button"
                >
                  b
                </a>
              </SafeAnchor>
            </li>
          </NavItem>
          <NavItem
            active={false}
            activeKey=""
            className="sort-menu-item"
            disabled={false}
            eventKey="2"
            href="#"
            key=".$2"
            onSelect={[Function]}
          >
            <li
              className="sort-menu-item"
              role="presentation"
            >
              <SafeAnchor
                componentClass="a"
                disabled={false}
                href="#"
                onClick={[Function]}
                role="button"
              >
                <a
                  href="#"
                  onClick={[Function]}
                  onKeyDown={[Function]}
                  role="button"
                >
                  c
                </a>
              </SafeAnchor>
            </li>
          </NavItem>
        </ul>
      </Nav>
    </span>
  </div>
</SortMenu>
`;
